// Jest Snapshot v1, https://goo.gl/fbAQLP

exports[`Class: TicTacToeGame Instance Method: displayBoard displays human readable gameBoard 1`] = `
"┌─────────┬────┬────┬────┐
│ (index) │ 0  │ 1  │ 2  │
├─────────┼────┼────┼────┤
│    0    │ [32m''[39m │ [32m''[39m │ [32m''[39m │
│    1    │ [32m''[39m │ [32m''[39m │ [32m''[39m │
│    2    │ [32m''[39m │ [32m''[39m │ [32m''[39m │
└─────────┴────┴────┴────┘"
`;
